<testsuites id="" name="" tests="1" failures="0" skipped="0" errors="0" time="15.876819999992847">
<testsuite name="Hooks.spec.js" timestamp="2023-08-10T17:43:31.256Z" hostname="chromium" tests="1" failures="0" skipped="0" time="12.71" errors="0">
<testcase name="Home" classname="Hooks.spec.js" time="12.71">
</testcase>
</testsuite>
</testsuites>